{
  "CMLibs Argon Version": [
    "0",
    "3",
    "1"
  ]
}