{
  "CMLibs Argon Version": [
    "0",
    "4",
    "2"
  ]
}